C51 COMPILER V7.06   MAX6675_C                                                             05/09/2008 12:27:04 PAGE 1   


C51 COMPILER V7.06, COMPILATION OF MODULE MAX6675_C
OBJECT MODULE PLACED IN max6675.c.OBJ
COMPILER INVOKED BY: D:\software\keil-C51±‡“Î»Ìº˛\C51\BIN\C51.EXE max6675.c.c BROWSE DEBUG OBJECTEXTEND

stmt level    source

   1          #include <reg52.h>
   2          #include "max6675.h"
   3          #include "pccom.h"
   4          #include "delay.h"
   5          //-----------------------------------------------------------------------------------------
   6          //--------------max6675 test---------------------------
   7          void main(void)
   8          {       unsigned int t;
   9   1      
  10   1              Init_Pccom();
  11   1              printf("hello,this is max6675 test!\n");
  12   1              for(;;)
  13   1              {       t=read_6675();
  14   2                      printf("%d\n",t);
  15   2                      blink(3,1);
  16   2                      delay50ms(1);
  17   2              }
  18   1      }
  19          //--------------END-------------------------------------


MODULE INFORMATION:   STATIC OVERLAYABLE
   CODE SIZE        =    223    ----
   CONSTANT SIZE    =     33    ----
   XDATA SIZE       =   ----    ----
   PDATA SIZE       =   ----    ----
   DATA SIZE        =   ----       2
   IDATA SIZE       =   ----    ----
   BIT SIZE         =   ----    ----
END OF MODULE INFORMATION.


C51 COMPILATION COMPLETE.  0 WARNING(S),  0 ERROR(S)
